apiVersion: v1
kind: Namespace
metadata:
  annotations:
    argocd.argoproj.io/sync-wave: '-100'
    openshift.io/node-selector: ''
  labels:
    name: openshift-compliance
    openshift.io/cluster-monitoring: 'true'
    pod-security.kubernetes.io/audit: privileged
    pod-security.kubernetes.io/enforce: privileged
    pod-security.kubernetes.io/warn: privileged
  name: openshift-compliance
