apiVersion: operators.coreos.com/v1alpha1
kind: Subscription
metadata:
  annotations:
    argocd.argoproj.io/sync-wave: '-80'
  labels:
    name: compliance-operator
  name: compliance-operator
  namespace: openshift-compliance
spec:
  channel: stable
  config:
    affinity:
      nodeAffinity:
        requiredDuringSchedulingIgnoredDuringExecution:
          nodeSelectorTerms:
            - matchExpressions:
                - key: node-role.kubernetes.io/master
                  operator: Exists
    resources:
      limits:
        memory: 1Gi
      requests:
        cpu: 10m
        memory: 128Mi
  installPlanApproval: Automatic
  name: compliance-operator
  source: redhat-operators
  sourceNamespace: openshift-operators-redhat
